
> my-portfolio@0.1.0 build
> next build

   Γû▓ Next.js 16.0.10 (Turbopack)

   Creating an optimized production build ...
 Γ£ô Compiled successfully in 4.2s
   Running TypeScript ...
   Collecting page data using 7 workers ...
   Generating static pages using 7 workers (0/4) ...
   Generating static pages using 7 workers (1/4) 
   Generating static pages using 7 workers (2/4) 
   Generating static pages using 7 workers (3/4) 
 Γ£ô Generating static pages using 7 workers (4/4) in 939.7ms
   Finalizing page optimization ...

Route (app)
Γöî Γùï /
Γöö Γùï /_not-found


Γùï  (Static)  prerendered as static content

